// Jest Snapshot v1, https://goo.gl/fbAQLP

exports[`getRepos Saga should call the repoLoadingError action if the response errors 1`] = `
Object {
  "@@redux-saga/IO": true,
  "SELECT": Object {
    "args": Array [],
    "selector": [Function],
  },
}
`;

exports[`getRepos Saga should call the repoLoadingError action if the response errors 2`] = `
Object {
  "@@redux-saga/IO": true,
  "CALL": Object {
    "args": Array [
      "http://127.0.0.1:8000/api/clientdata/?limit=undefined&offset=undefined&ordering=-created",
    ],
    "context": null,
    "fn": [Function],
  },
}
`;

exports[`getRepos Saga should dispatch the reposLoaded action if it requests the data successfully 1`] = `
Object {
  "@@redux-saga/IO": true,
  "SELECT": Object {
    "args": Array [],
    "selector": [Function],
  },
}
`;

exports[`getRepos Saga should dispatch the reposLoaded action if it requests the data successfully 2`] = `
Object {
  "@@redux-saga/IO": true,
  "CALL": Object {
    "args": Array [
      "http://127.0.0.1:8000/api/clientdata/?limit=undefined&offset=undefined&ordering=-created",
    ],
    "context": null,
    "fn": [Function],
  },
}
`;
